// Jest Snapshot v1, https://goo.gl/fbAQLP

exports[`Should render BreedImage component 1`] = `
<View
  accessibilityState={
    {
      "busy": undefined,
      "checked": undefined,
      "disabled": undefined,
      "expanded": undefined,
      "selected": undefined,
    }
  }
  accessible={true}
  focusable={true}
  onClick={[Function]}
  onResponderGrant={[Function]}
  onResponderMove={[Function]}
  onResponderRelease={[Function]}
  onResponderTerminate={[Function]}
  onResponderTerminationRequest={[Function]}
  onStartShouldSetResponder={[Function]}
  style={
    {
      "height": 267,
      "marginBottom": 13.5,
      "paddingRight": 337.5,
      "width": 75,
    }
  }
>
  <View
    style={
      [
        {
          "overflow": "hidden",
        },
        {
          "borderRadius": 10,
          "height": 180,
          "width": 180,
        },
      ]
    }
  >
    <FastImageView
      defaultSource={null}
      resizeMode="cover"
      source={
        {
          "uri": "https://images.dog.ceo/breeds/akita/512px-Ainu-Dog.jpg",
        }
      }
      style={
        {
          "bottom": 0,
          "left": 0,
          "position": "absolute",
          "right": 0,
          "top": 0,
        }
      }
    />
  </View>
</View>
`;
