// Jest Snapshot v1, https://goo.gl/fbAQLP

exports[`Loader snapshot 1`] = `
<View
  style={
    {
      "alignItems": "center",
      "flex": 1,
      "justifyContent": "center",
    }
  }
>
  <ActivityIndicator
    color="#673AB7"
    size="small"
  />
  <Text
    style={
      {
        "marginTop": 10,
      }
    }
  />
</View>
`;
