// Jest Snapshot v1, https://goo.gl/fbAQLP

exports[`Should render NavBarBackButton component 1`] = `
<View
  accessibilityState={
    {
      "busy": undefined,
      "checked": undefined,
      "disabled": undefined,
      "expanded": undefined,
      "selected": undefined,
    }
  }
  accessible={true}
  focusable={true}
  onClick={[Function]}
  onResponderGrant={[Function]}
  onResponderMove={[Function]}
  onResponderRelease={[Function]}
  onResponderTerminate={[Function]}
  onResponderTerminationRequest={[Function]}
  onStartShouldSetResponder={[Function]}
  style={
    {
      "alignItems": "center",
      "justifyContent": "center",
    }
  }
>
  <View
    style={
      [
        {
          "overflow": "hidden",
        },
        {
          "height": 22,
          "width": 22,
        },
      ]
    }
  >
    <FastImageView
      defaultSource={null}
      resizeMode="contain"
      source={
        {
          "testUri": "../../../src/assets/icons/arrow-left.png",
        }
      }
      style={
        {
          "bottom": 0,
          "left": 0,
          "position": "absolute",
          "right": 0,
          "top": 0,
        }
      }
      tintColor="#673AB7"
    />
  </View>
</View>
`;
